---
source: crates/ruff_python_formatter/tests/fixtures.rs
input_file: crates/ruff_python_formatter/resources/test/fixtures/ruff/tali_layout.py
---
## Input
```python
def keyword_groups(self, *,
    first,
    second,
):
    pass


def positional_groups(
    a, b, /,
    c, d,
):
    pass


matrix = [
    [1,   20, 300],
    [400, 5,  6],
]


normalized_matrix = [
    [1.E2,  3],
    [40.0, 500],
]


decimal_matrix = [
    [1.2,   30.45],
    [100, 4.0],
]


unaligned_matrix = [
    [1, 20],
    [300, 4],
]


tensor = [
    [
        [1,  20],
        [300, 4],
    ],
    [
        [50, 6],
        [7,  800],
    ],
]


ragged = [
    [1,   2],
    [3, 4, 5],
]
```

## Outputs
### Output 1
```
indent-style               = space
line-width                 = 88
indent-width               = 4
quote-style                = Double
line-ending                = LineFeed
magic-trailing-comma       = Respect
docstring-code             = Disabled
docstring-code-line-width  = "dynamic"
preview                    = Disabled
target_version             = 3.10
source_type                = Python
nested-string-quote-style  = alternating
```

```python
def keyword_groups(self, *,
    first,
    second,
):
    pass


def positional_groups(
    a, b, /,
    c, d,
):
    pass


matrix = [
    [  1, 20, 300],
    [400,  5,   6],
]


normalized_matrix = [
    [ 1.0e2,   3],
    [40.0  , 500],
]


decimal_matrix = [
    [  1.2, 30.45],
    [100  ,  4.0],
]


unaligned_matrix = [
    [1, 20],
    [300, 4],
]


tensor = [
    [
        [  1,  20],
        [300,   4],
    ],
    [
        [ 50,   6],
        [  7, 800],
    ],
]


ragged = [
    [1, 2],
    [3, 4, 5],
]
```
